// Jest Snapshot v1, https://goo.gl/fbAQLP

exports[`Testing ErrorHandler container Sanity check ErrorHandler contents 1`] = `
Object {
  "asFragment": [Function],
  "baseElement": <body>
    <div>
      <div
        class="text-center container"
      >
        <div
          class="row"
        >
          <div
            class="mb-3 mt-3 col"
          >
            <h1>
              Oh snap! Something went wrong 
              <span
                aria-label="crying!"
                role="img"
              >
                ðŸ˜­
              </span>
            </h1>
          </div>
        </div>
        <div
          class="row"
        >
          <div
            class="mt-2 col"
          >
            <h3>
              1
              . 
              Error
              : 
              Fails to render!
            </h3>
            <p>
              <i />
            </p>
          </div>
        </div>
      </div>
    </div>
  </body>,
  "container": <div>
    <div
      class="text-center container"
    >
      <div
        class="row"
      >
        <div
          class="mb-3 mt-3 col"
        >
          <h1>
            Oh snap! Something went wrong 
            <span
              aria-label="crying!"
              role="img"
            >
              ðŸ˜­
            </span>
          </h1>
        </div>
      </div>
      <div
        class="row"
      >
        <div
          class="mt-2 col"
        >
          <h3>
            1
            . 
            Error
            : 
            Fails to render!
          </h3>
          <p>
            <i />
          </p>
        </div>
      </div>
    </div>
  </div>,
  "debug": [Function],
  "findAllByAltText": [Function],
  "findAllByDisplayValue": [Function],
  "findAllByLabelText": [Function],
  "findAllByPlaceholderText": [Function],
  "findAllByRole": [Function],
  "findAllByTestId": [Function],
  "findAllByText": [Function],
  "findAllByTitle": [Function],
  "findByAltText": [Function],
  "findByDisplayValue": [Function],
  "findByLabelText": [Function],
  "findByPlaceholderText": [Function],
  "findByRole": [Function],
  "findByTestId": [Function],
  "findByText": [Function],
  "findByTitle": [Function],
  "getAllByAltText": [Function],
  "getAllByDisplayValue": [Function],
  "getAllByLabelText": [Function],
  "getAllByPlaceholderText": [Function],
  "getAllByRole": [Function],
  "getAllByTestId": [Function],
  "getAllByText": [Function],
  "getAllByTitle": [Function],
  "getByAltText": [Function],
  "getByDisplayValue": [Function],
  "getByLabelText": [Function],
  "getByPlaceholderText": [Function],
  "getByRole": [Function],
  "getByTestId": [Function],
  "getByText": [Function],
  "getByTitle": [Function],
  "queryAllByAltText": [Function],
  "queryAllByDisplayValue": [Function],
  "queryAllByLabelText": [Function],
  "queryAllByPlaceholderText": [Function],
  "queryAllByRole": [Function],
  "queryAllByTestId": [Function],
  "queryAllByText": [Function],
  "queryAllByTitle": [Function],
  "queryByAltText": [Function],
  "queryByDisplayValue": [Function],
  "queryByLabelText": [Function],
  "queryByPlaceholderText": [Function],
  "queryByRole": [Function],
  "queryByTestId": [Function],
  "queryByText": [Function],
  "queryByTitle": [Function],
  "rerender": [Function],
  "unmount": [Function],
}
`;
